// Jest Snapshot v1, https://goo.gl/fbAQLP

exports[`Test Notifications component renders correctly 1`] = `
<View>
  <View>
    <Text
      accessible={true}
      allowFontScaling={true}
      ellipsizeMode="tail"
    >
      AppBar
    </Text>
  </View>
  <View>
    <Text
      accessible={true}
      allowFontScaling={true}
      ellipsizeMode="tail"
    >
      Notification List
    </Text>
  </View>
</View>
`;
